// Jest Snapshot v1, https://goo.gl/fbAQLP

exports[`ReEnableSubscription message rendering works 1`] = `
Object {
  "attachments": Array [
    Object {
      "color": "#24292f",
      "footer": "<https://github.com/atom/atom|atom/atom>",
      "footer_icon": "https://github.githubassets.com/favicon.ico",
      "mrkdwn_in": Array [
        "text",
      ],
      "text": "Subscription to \`atom/atom\` has been disabled, because <@U012345>, who originally set it up, no longer has access.
Run \`/github subscribe atom/atom\` to re-enable the subscription.",
    },
  ],
  "response_type": "in_channel",
}
`;
