// Jest Snapshot v1, https://goo.gl/fbAQLP

exports[`AbstractIssue rendering works for getBaseMessage 1`] = `
Object {
  "author_icon": "https://avatars1.githubusercontent.com/u/7718702?v=4",
  "author_link": "https://github.com/wilhelmklopp",
  "author_name": "wilhelmklopp",
  "color": "#36a64f",
  "fallback": "[github-slack/public-test] #1 Needs content",
  "footer": "<https://github.com/github-slack/public-test|github-slack/public-test>",
  "footer_icon": "https://github.githubassets.com/favicon.ico",
  "mrkdwn_in": Array [
    "text",
  ],
  "text": "This repo needs some content, as currently, it does not have **any**.",
  "title": "#1 Needs content",
  "title_link": "https://github.com/github-slack/public-test/issues/1",
  "ts": 1508171038,
}
`;
