// Jest Snapshot v1, https://goo.gl/fbAQLP

exports[`Issue rendering does not render tables 1`] = `
Object {
  "attachments": Array [
    Object {
      "author_icon": "https://avatars1.githubusercontent.com/u/7718702?v=4",
      "author_link": "https://github.com/wilhelmklopp",
      "author_name": "wilhelmklopp",
      "color": "#36a64f",
      "fallback": "[github-slack/public-test] Issue opened by wilhelmklopp",
      "fields": Array [
        Object {
          "short": true,
          "title": "Assignees",
          "value": "wilhelmklopp",
        },
        Object {
          "short": true,
          "title": "Labels",
          "value": "enhancement, question, wontfix",
        },
      ],
      "footer": "<https://github.com/github-slack/public-test|github-slack/public-test>",
      "footer_icon": "https://github.githubassets.com/favicon.ico",
      "mrkdwn_in": Array [
        "text",
      ],
      "pretext": "Issue opened by wilhelmklopp",
      "text": "Hi, this is my issue and below this line of text there is a table",
      "title": "#1 Needs content",
      "title_link": "https://github.com/github-slack/public-test/issues/1",
      "ts": 1508171038,
    },
  ],
}
`;

exports[`Issue rendering extracts image from body_html 1`] = `
Object {
  "attachments": Array [
    Object {
      "author_icon": "https://avatars1.githubusercontent.com/u/7718702?v=4",
      "author_link": "https://github.com/wilhelmklopp",
      "author_name": "wilhelmklopp",
      "color": "#36a64f",
      "fallback": "[github-slack/public-test] #1 Needs content",
      "fields": Array [
        Object {
          "short": true,
          "title": "Assignees",
          "value": "wilhelmklopp",
        },
        Object {
          "short": true,
          "title": "Labels",
          "value": "enhancement, question, wontfix",
        },
      ],
      "footer": "<https://github.com/github-slack/public-test|github-slack/public-test>",
      "footer_icon": "https://github.githubassets.com/favicon.ico",
      "image_url": "https://media.giphy.com/media/5xtDarEbygs3Pu7p3jO/giphy.gif",
      "mrkdwn_in": Array [
        "text",
      ],
      "text": "Hello world!

https://media.giphy.com/media/5xtDarEbygs3Pu7p3jO/giphy.gif",
      "title": "#1 Needs content",
      "title_link": "https://github.com/github-slack/public-test/issues/1",
      "ts": 1508171038,
    },
  ],
}
`;

exports[`Issue rendering works for condensed unfurls 1`] = `
Object {
  "attachments": Array [
    Object {
      "color": "#36a64f",
      "fallback": "[github-slack/public-test] #1 Needs content",
      "footer": "<https://github.com/github-slack/public-test|github-slack/public-test>",
      "footer_icon": "https://github.githubassets.com/favicon.ico",
      "mrkdwn_in": Array [
        "text",
      ],
      "title": "#1 Needs content",
      "title_link": "https://github.com/github-slack/public-test/issues/1",
      "ts": 1508171038,
    },
  ],
}
`;

exports[`Issue rendering works for full unfurls 1`] = `
Object {
  "attachments": Array [
    Object {
      "author_icon": "https://avatars1.githubusercontent.com/u/7718702?v=4",
      "author_link": "https://github.com/wilhelmklopp",
      "author_name": "wilhelmklopp",
      "color": "#36a64f",
      "fallback": "[github-slack/public-test] #1 Needs content",
      "fields": Array [
        Object {
          "short": true,
          "title": "Assignees",
          "value": "wilhelmklopp",
        },
        Object {
          "short": true,
          "title": "Labels",
          "value": "enhancement, question, wontfix",
        },
      ],
      "footer": "<https://github.com/github-slack/public-test|github-slack/public-test>",
      "footer_icon": "https://github.githubassets.com/favicon.ico",
      "mrkdwn_in": Array [
        "text",
      ],
      "text": "This repo needs some content, as currently, it does not have **any**.",
      "title": "#1 Needs content",
      "title_link": "https://github.com/github-slack/public-test/issues/1",
      "ts": 1508171038,
    },
  ],
}
`;

exports[`Issue rendering works for minor notifications 1`] = `
Object {
  "attachments": Array [
    Object {
      "color": "#cb2431",
      "fallback": "[github-slack/public-test] Issue closed by bkeepers",
      "footer": "<https://github.com/github-slack/public-test|github-slack/public-test>",
      "footer_icon": "https://github.githubassets.com/favicon.ico",
      "mrkdwn_in": Array [
        "text",
      ],
      "pretext": "Issue closed by bkeepers",
      "title": "#1 Needs content",
      "title_link": "https://github.com/github-slack/public-test/issues/1",
      "ts": 1508171038,
    },
  ],
}
`;

exports[`Issue rendering works for notification messages 1`] = `
Object {
  "attachments": Array [
    Object {
      "author_icon": "https://avatars1.githubusercontent.com/u/7718702?v=4",
      "author_link": "https://github.com/wilhelmklopp",
      "author_name": "wilhelmklopp",
      "color": "#36a64f",
      "fallback": "[github-slack/public-test] Issue opened by wilhelmklopp",
      "fields": Array [
        Object {
          "short": true,
          "title": "Assignees",
          "value": "wilhelmklopp",
        },
        Object {
          "short": true,
          "title": "Labels",
          "value": "enhancement, question, wontfix",
        },
      ],
      "footer": "<https://github.com/github-slack/public-test|github-slack/public-test>",
      "footer_icon": "https://github.githubassets.com/favicon.ico",
      "mrkdwn_in": Array [
        "text",
      ],
      "pretext": "Issue opened by wilhelmklopp",
      "text": "This repo needs some content, as currently, it does not have **any**.",
      "title": "#1 Needs content",
      "title_link": "https://github.com/github-slack/public-test/issues/1",
      "ts": 1508171038,
    },
  ],
}
`;
