// Jest Snapshot v1, https://goo.gl/fbAQLP

exports[`Repository deleted event rendering works 1`] = `
Object {
  "attachments": Array [
    Object {
      "color": "#24292f",
      "fallback": "[github-slack-test-org/i-will-be-deleted] Repository deleted by wilhelmklopp",
      "fields": Array [
        Object {
          "short": true,
          "title": "Last updated",
          "value": "2 months ago",
        },
      ],
      "footer": "<https://github.com/github-slack-test-org/i-will-be-deleted|github-slack-test-org/i-will-be-deleted>",
      "footer_icon": "https://github.githubassets.com/favicon.ico",
      "mrkdwn_in": Array [
        "text",
        "fields",
      ],
      "pretext": "Repository deleted by wilhelmklopp",
      "title": "github-slack-test-org/i-will-be-deleted",
      "ts": 1520343804,
    },
  ],
}
`;
