// Jest Snapshot v1, https://goo.gl/fbAQLP

exports[`Status rendering works 1`] = `
Object {
  "author_icon": "https://avatars2.githubusercontent.com/oa/1508?v=4",
  "author_link": "https://travis-ci.org/github-slack/app/builds/278661144?utm_source=github_status&utm_medium=notification",
  "author_name": "continuous-integration/travis-ci/push: The Travis CI build passed",
  "color": "#28a745",
  "fallback": "continuous-integration/travis-ci/push: The Travis CI build passed",
  "mrkdwn_in": Array [
    "text",
  ],
}
`;

exports[`Status rendering works for all checks pass 1`] = `
Object {
  "color": "#28a745",
  "fallback": "All checks have passed",
  "footer": "5/5 successful checks",
  "text": ":white_check_mark: All checks have passed",
}
`;

exports[`Status rendering works for some checks pass 1`] = `
Object {
  "color": "#dbab09",
  "fallback": "4 other checks have passed",
  "footer": "4/5 successful checks",
  "text": ":white_check_mark: 4 other checks have passed",
}
`;

exports[`Status rendering works when no checks pass 1`] = `
Object {
  "color": "#cb2431",
  "fallback": "No checks have passed",
  "footer": "0/5 successful checks",
  "text": ":white_check_mark: No checks have passed",
}
`;
