// Jest Snapshot v1, https://goo.gl/fbAQLP

exports[`AutoUnfurlPrompt message rendering works 1`] = `
Object {
  "actions": Array [
    Object {
      "name": "this-channel",
      "style": "primary",
      "text": "Enable for this channel",
      "type": "button",
      "value": "C12345",
    },
    Object {
      "name": "all-channels",
      "text": "Enable for all channels",
      "type": "button",
    },
    Object {
      "name": "cancel",
      "text": "Always ask me",
      "type": "button",
    },
  ],
  "callback_id": "unfurl-auto-12345678|integrations/snappydoo",
  "color": "#24292f",
  "mrkdwn_in": Array [
    "text",
  ],
  "text": "You can enable automatic previews for *private* links to integrations/snappydoo that *you* post either to this channel or to all channels in the \`bestslackteam\` workspace.",
  "title": "Done! Want to automatically show rich previews for integrations/snappydoo?",
}
`;
