// Jest Snapshot v1, https://goo.gl/fbAQLP

exports[`Debugger should re-throw errors 1`] = `[SequelizeDatabaseError: column GitHubUser.nonExistingColumn does not exist]`;

exports[`Debugger should re-throw errors 2`] = `Set {}`;

exports[`Debugger should re-throw errors 3`] = `Map {}`;
