// Jest Snapshot v1, https://goo.gl/fbAQLP

exports[`Integration: Slack config_migration event LegacySubscription rows are created in the db and prompt is posted in Slack Works for 1 legacy configuration 1`] = `
Object {
  "attachments": "[{\\"color\\":\\"#24292f\\",\\"text\\":\\"Good news: an upgraded GitHub app has been installed in this workspace. Type the following slash command to keep GitHub working in this channel.\\"},{\\"color\\":\\"#24292f\\",\\"fields\\":[{\\"value\\":\\"/github subscribe berttest/testrepo1\\"}],\\"mrkdwn_in\\":[\\"fields\\"],\\"pretext\\":\\"Configuration created by <@U06AXEE2U>:\\"},{\\"color\\":\\"#24292f\\",\\"mrkdwn_in\\":[\\"text\\"],\\"text\\":\\"_Need help? Type \\\\\\"/github help\\\\\\" or <https://get.slack.help/hc/en-us/articles/232289568-GitHub-for-Slack|learn more>._\\"}]",
  "channel": "C0D70MRAL",
  "response_type": "in_channel",
  "token": "xoxa-token",
}
`;

exports[`Integration: Slack config_migration event LegacySubscription rows are created in the db and prompt is posted in Slack Works for 1 legacy configuration 2`] = `Set {}`;

exports[`Integration: Slack config_migration event LegacySubscription rows are created in the db and prompt is posted in Slack Works for 1 legacy configuration 3`] = `Map {}`;

exports[`Integration: Slack config_migration event LegacySubscription rows are created in the db and prompt is posted in Slack does not duplicate legacy configurations 1`] = `
Object {
  "attachments": "[{\\"color\\":\\"#24292f\\",\\"text\\":\\"Good news: an upgraded GitHub app has been installed in this workspace. Type the following slash command to keep GitHub working in this channel.\\"},{\\"color\\":\\"#24292f\\",\\"fields\\":[{\\"value\\":\\"/github subscribe berttest/testrepo1\\"}],\\"mrkdwn_in\\":[\\"fields\\"],\\"pretext\\":\\"Configuration created by <@U06AXEE2U>:\\"},{\\"color\\":\\"#24292f\\",\\"mrkdwn_in\\":[\\"text\\"],\\"text\\":\\"_Need help? Type \\\\\\"/github help\\\\\\" or <https://get.slack.help/hc/en-us/articles/232289568-GitHub-for-Slack|learn more>._\\"}]",
  "channel": "C0D70MRAL",
  "response_type": "in_channel",
  "token": "xoxa-token",
}
`;

exports[`Integration: Slack config_migration event LegacySubscription rows are created in the db and prompt is posted in Slack does not duplicate legacy configurations 2`] = `Set {}`;

exports[`Integration: Slack config_migration event LegacySubscription rows are created in the db and prompt is posted in Slack does not duplicate legacy configurations 3`] = `Map {}`;

exports[`Integration: Slack config_migration event LegacySubscription rows are created in the db and prompt is posted in Slack works for 34 legacy configurations 1`] = `
Object {
  "attachments": "[{\\"color\\":\\"#24292f\\",\\"text\\":\\"Good news: an upgraded GitHub app has been installed in this workspace. Type the following slash commands to keep GitHub working in this channel.\\"},{\\"color\\":\\"#24292f\\",\\"fields\\":[{\\"value\\":\\"/github subscribe berttest/testrepo1\\"},{\\"value\\":\\"/github subscribe atom/atom\\"},{\\"value\\":\\"/github subscribe kubernetes/kubernetes\\"},{\\"value\\":\\"/github subscribe berttest/testrepo12\\"},{\\"value\\":\\"/github subscribe berttest/testrepo13\\"},{\\"value\\":\\"/github subscribe berttest/testrepo14\\"},{\\"value\\":\\"/github subscribe berttest/testrepo15\\"},{\\"value\\":\\"/github subscribe berttest/testrepo16\\"},{\\"value\\":\\"/github subscribe berttest/testrepo17\\"},{\\"value\\":\\"/github subscribe berttest/testrepo18\\"},{\\"value\\":\\"/github subscribe berttest/testrepo19\\"},{\\"value\\":\\"/github subscribe berttest/testrepo2\\"},{\\"value\\":\\"/github subscribe berttest/testrepo20\\"},{\\"value\\":\\"/github subscribe berttest/testrepo21\\"},{\\"value\\":\\"/github subscribe berttest/testrepo22\\"},{\\"value\\":\\"/github subscribe berttest/testrepo23\\"},{\\"value\\":\\"/github subscribe berttest/testrepo24\\"},{\\"value\\":\\"/github subscribe berttest/testrepo25\\"},{\\"value\\":\\"/github subscribe berttest/testrepo26\\"},{\\"value\\":\\"/github subscribe berttest/testrepo27\\"},{\\"value\\":\\"/github subscribe berttest/testrepo28\\"},{\\"value\\":\\"/github subscribe berttest/testrepo29\\"},{\\"value\\":\\"/github subscribe berttest/testrepo3\\"},{\\"value\\":\\"/github subscribe berttest/testrepo4\\"},{\\"value\\":\\"/github subscribe berttest/testrepo5\\"},{\\"value\\":\\"/github subscribe berttest/testrepo6\\"},{\\"value\\":\\"/github subscribe berttest/testrepo7\\"},{\\"value\\":\\"/github subscribe berttest/testrepo8\\"},{\\"value\\":\\"/github subscribe berttest/testrepo9\\"}],\\"mrkdwn_in\\":[\\"fields\\"],\\"pretext\\":\\"Configurations created by <@U06AXEE2U>:\\"},{\\"color\\":\\"#24292f\\",\\"mrkdwn_in\\":[\\"text\\"],\\"text\\":\\"_Need help? Type \\\\\\"/github help\\\\\\" or <https://get.slack.help/hc/en-us/articles/232289568-GitHub-for-Slack|learn more>._\\"}]",
  "channel": "C0D70MRAL",
  "response_type": "in_channel",
  "token": "xoxa-token",
}
`;

exports[`Integration: Slack config_migration event LegacySubscription rows are created in the db and prompt is posted in Slack works for 34 legacy configurations 2`] = `
Object {
  "attachments": "[{\\"color\\":\\"#24292f\\",\\"text\\":\\"Good news: an upgraded GitHub app has been installed in this workspace. Type the following slash command to keep GitHub working in this channel.\\"},{\\"color\\":\\"#24292f\\",\\"fields\\":[{\\"value\\":\\"/github subscribe berttest/testrepo2\\"}],\\"mrkdwn_in\\":[\\"fields\\"],\\"pretext\\":\\"Configuration created by <@U06AXEE2U>:\\"},{\\"color\\":\\"#24292f\\",\\"mrkdwn_in\\":[\\"text\\"],\\"text\\":\\"_Need help? Type \\\\\\"/github help\\\\\\" or <https://get.slack.help/hc/en-us/articles/232289568-GitHub-for-Slack|learn more>._\\"}]",
  "channel": "G06FWDG48",
  "response_type": "in_channel",
  "token": "xoxa-token",
}
`;

exports[`Integration: Slack config_migration event LegacySubscription rows are created in the db and prompt is posted in Slack works for 34 legacy configurations 3`] = `
Object {
  "attachments": "[{\\"color\\":\\"#24292f\\",\\"text\\":\\"Good news: an upgraded GitHub app has been installed in this workspace. Type the following slash command to keep GitHub working in this channel.\\"},{\\"color\\":\\"#24292f\\",\\"fields\\":[{\\"value\\":\\"/github subscribe berttest/testrepo3\\"}],\\"mrkdwn_in\\":[\\"fields\\"],\\"pretext\\":\\"Configuration created by <@U06AXEE2U>:\\"},{\\"color\\":\\"#24292f\\",\\"mrkdwn_in\\":[\\"text\\"],\\"text\\":\\"_Need help? Type \\\\\\"/github help\\\\\\" or <https://get.slack.help/hc/en-us/articles/232289568-GitHub-for-Slack|learn more>._\\"}]",
  "channel": "D06FVAMGR",
  "response_type": "in_channel",
  "token": "xoxa-token",
}
`;

exports[`Integration: Slack config_migration event LegacySubscription rows are created in the db and prompt is posted in Slack works for 34 legacy configurations 4`] = `
Object {
  "attachments": "[{\\"color\\":\\"#24292f\\",\\"text\\":\\"Good news: an upgraded GitHub app has been installed in this workspace. Type the following slash command to keep GitHub working in this channel.\\"},{\\"color\\":\\"#24292f\\",\\"fields\\":[{\\"value\\":\\"/github subscribe berttest/testrepo1\\"}],\\"mrkdwn_in\\":[\\"fields\\"],\\"pretext\\":\\"Configuration created by <@U06AXEE2U>:\\"},{\\"color\\":\\"#24292f\\",\\"mrkdwn_in\\":[\\"text\\"],\\"text\\":\\"_Need help? Type \\\\\\"/github help\\\\\\" or <https://get.slack.help/hc/en-us/articles/232289568-GitHub-for-Slack|learn more>._\\"}]",
  "channel": "C06EJPMBK",
  "response_type": "in_channel",
  "token": "xoxa-token",
}
`;

exports[`Integration: Slack config_migration event LegacySubscription rows are created in the db and prompt is posted in Slack works for 34 legacy configurations 5`] = `Set {}`;

exports[`Integration: Slack config_migration event LegacySubscription rows are created in the db and prompt is posted in Slack works for 34 legacy configurations 6`] = `Map {}`;
